// Jest Snapshot v1, https://goo.gl/fbAQLP

exports[`home-page redirect snapshow 1`] = `
<Redirect
  push={false}
  to="/boards"
/>
`;

exports[`home-page snapshot 1`] = `
<div
  className="registration container"
>
  <div
    className="row"
  >
    <div
      className="col-centered form-area"
    >
      <h2>
        Create a Trello Account
      </h2>
      <ReduxForm />
      <p>
        Already have an account? 
        <Link
          replace={false}
          to="/login"
        >
          Log in.
        </Link>
      </p>
    </div>
  </div>
</div>
`;
